<?xml version="1.0"?>
<testsuites>
  <testsuite name="Chrome 43.0.2357 (Windows 7)" package="" timestamp="2015-06-19T10:26:00" id="0" hostname="DEFAULT" tests="2" errors="0" failures="0" time="1.643">
    <properties>
      <property name="browser.fullName" value="Mozilla/5.0 (Windows NT 6.1; WOW64) AppleWebKit/537.36 (KHTML, like Gecko) Chrome/43.0.2357.124 Safari/537.36"/>
    </properties>
    <testcase name="should return true for valid routes" time="0.052" classname="Chrome 43.0.2357 (Windows 7).RouteProvider"/>
    <testcase name="should be defined" time="0.007" classname="Chrome 43.0.2357 (Windows 7).Controller: StoreCompare"/>
    <system-out><![CDATA[Chrome 43.0.2357 (Windows 7) LOG: 'OK'

]]></system-out>
    <system-err/>
  </testsuite>
</testsuites>
